// Vitest Snapshot v1, https://vitest.dev/guide/snapshot.html

exports[`model generation > generates all dmmf models > Post 1`] = `
"package model

import (
  "github.com/lib/pq"
)

type Post struct {
  ID int32 \`sql:"primary_key"\`
  AuthorID int32
  Keywords pq.StringArray
  Numbers pq.IntArray
}"
`;

exports[`model generation > generates all dmmf models > User 1`] = `
"package model



type User struct {
  ID int32 \`sql:"primary_key"\`
  Email string
  Name *string
}"
`;
